// Jest Snapshot v1, https://goo.gl/fbAQLP

exports[`Navbar should render as expected 1`] = `
ShallowWrapper {
  Symbol(enzyme.__root__): [Circular],
  Symbol(enzyme.__unrendered__): <Navbar
    breadcrumbs={Array []}
  />,
  Symbol(enzyme.__renderer__): Object {
    "batchedUpdates": [Function],
    "getNode": [Function],
    "render": [Function],
    "simulateError": [Function],
    "simulateEvent": [Function],
    "unmount": [Function],
  },
  Symbol(enzyme.__node__): Object {
    "instance": null,
    "key": undefined,
    "nodeType": "host",
    "props": Object {
      "aria-label": "main-navigation",
      "children": Array [
        <GatsbyLink
          to="/"
        >
          Jack Lewin
        </GatsbyLink>,
        Array [],
      ],
      "className": "container",
      "role": "navigation",
    },
    "ref": null,
    "rendered": Array [
      Object {
        "instance": null,
        "key": undefined,
        "nodeType": "class",
        "props": Object {
          "children": "Jack Lewin",
          "to": "/",
        },
        "ref": null,
        "rendered": "Jack Lewin",
        "type": [Function],
      },
    ],
    "type": "nav",
  },
  Symbol(enzyme.__nodes__): Array [
    Object {
      "instance": null,
      "key": undefined,
      "nodeType": "host",
      "props": Object {
        "aria-label": "main-navigation",
        "children": Array [
          <GatsbyLink
            to="/"
          >
            Jack Lewin
          </GatsbyLink>,
          Array [],
        ],
        "className": "container",
        "role": "navigation",
      },
      "ref": null,
      "rendered": Array [
        Object {
          "instance": null,
          "key": undefined,
          "nodeType": "class",
          "props": Object {
            "children": "Jack Lewin",
            "to": "/",
          },
          "ref": null,
          "rendered": "Jack Lewin",
          "type": [Function],
        },
      ],
      "type": "nav",
    },
  ],
  Symbol(enzyme.__options__): Object {
    "adapter": ReactSixteenAdapter {
      "options": Object {
        "enableComponentDidUpdateOnSetState": true,
        "lifecycles": Object {
          "componentDidUpdate": Object {
            "onSetState": true,
          },
          "getDerivedStateFromProps": true,
          "getSnapshotBeforeUpdate": true,
          "setState": Object {
            "skipsComponentDidUpdateOnNullish": true,
          },
        },
      },
    },
  },
}
`;
