// Jest Snapshot v1, https://goo.gl/fbAQLP

exports[`Layout should render as expected 1`] = `
<div
  className="container"
>
  <p>
    some
  </p>
  <p>
    content
  </p>
</div>
`;
